zefeng@zefengserver:~$ sudo git pull git@10.10.10.185:testing.git
[sudo] zefeng 的密码： 
fatal: Not a git repository (or any of the parent directories): .git
zefeng@zefengserver:~$ cd /home/zefeng/桌面/localrep
zefeng@zefengserver:~/桌面/localrep$ sudo git pull git@10.10.10.185:testing.git
git@10.10.10.185's password: 
fatal: 'testing.git' does not appear to be a git repository
fatal: Could not read from remote repository.

Please make sure you have the correct access rights
and the repository exists.
zefeng@zefengserver:~/桌面/localrep$ git commit

*** Please tell me who you are.

Run

  git config --global user.email "you@example.com"
  git config --global user.name "Your Name"

to set your account's default identity.
Omit --global to set the identity only in this repository.

fatal: unable to auto-detect email address (got 'zefeng@zefengserver.(none)')
zefeng@zefengserver:~/桌面/localrep$ git config
用法：git config [<选项>]

配置文件位置
    --global              使用全局配置文件
    --system              使用系统级配置文件
    --local               使用仓库级配置文件
    -f, --file <文件>     使用指定的配置文件
    --blob <数据对象 ID>  从给定的数据对象读取配置

操作
    --get                 获取值：name [value-regex]
    --get-all             获得所有的值：key [value-regex]
    --get-regexp          根据正则表达式获得值：name-regex [value-regex]
    --get-urlmatch        获得 URL 取值：section[.var] URL
    --replace-all         替换所有匹配的变量：name value [value_regex]
    --add                 添加一个新的变量：name value
    --unset               删除一个变量：name [value-regex]
    --unset-all           删除所有匹配项：name [value-regex]
    --rename-section      重命名小节：old-name new-name
    --remove-section      删除一个小节：name
    -l, --list            列出所有
    -e, --edit            打开一个编辑器
    --get-color           获得配置的颜色：配置 [默认]
    --get-colorbool       获得颜色设置：配置 [stdout-is-tty]

类型
    --bool                值是 "true" 或 "false"
    --int                 值是十进制数
    --bool-or-int         值是 --bool or --int
    --path                值是一个路径（文件或目录名）

其它
    -z, --null            终止值是 NUL 字节
    --name-only           只显示变量名
    --includes            查询时参照 include 指令递归查找

zefeng@zefengserver:~/桌面/localrep$ git config global user.email "279225276@qq.com"
error: key does not contain a section: global
zefeng@zefengserver:~/桌面/localrep$ git config 














Please make sure you have the correct access rights
and the repository exists.
zefeng@zefengserver:~$ git remote add origin git@10.10.10.185:testing.git
fatal: Not a git repository (or any of the parent directories): .git
zefeng@zefengserver:~$ sudo git remote add origin git@10.10.10.185:testing.git
fatal: Not a git repository (or any of the parent directories): .git
zefeng@zefengserver:~$ sudo git clone git@10.10.10.185:/home/git/repositories/testing.git
正克隆到 'testing'...
git@10.10.10.185's password: 
fatal: '/home/git/repositories/testing.git' does not appear to be a git repository
fatal: Could not read from remote repository.


sudo git remote add origin git@10.10.10.185:testing.git


sudo git clone git@10.10.10.185:/home/git/repositories/testing.git
sudo git clone git@10.10.10.185:/home/git/repositories/gitolite-admin.git

sudo git pull git@10.10.10.185:/home/git/repositories/testing.git


sudo git pull git@10.10.10.185:testing.git






